Calculating task graph as configuration cache cannot be reused because system property 'stderr.encoding' has changed.
> Task :app:processTestResources NO-SOURCE
> Task :app:processResources UP-TO-DATE
> Task :app:compileJava UP-TO-DATE
> Task :app:classes UP-TO-DATE
> Task :app:compileTestJava UP-TO-DATE
> Task :app:testClasses UP-TO-DATE
OpenJDK 64-Bit Server VM warning: Sharing is only supported for boot loader classes because bootstrap classpath has been appended

> Task :app:test

VerdictServiceTest > testLegalCap_Enforcement() FAILED
    org.opentest4j.AssertionFailedError at VerdictServiceTest.java:90

4 tests completed, 1 failed

> Task :app:test FAILED

FAILURE: Build failed with an exception.

* What went wrong:
Execution failed for task ':app:test'.
> There were failing tests. See the report at: file:///C:/Development/Owner/FirstRentVerdict/app/build/reports/tests/test/index.html

* Try:
> Run with --scan to generate a Build Scan (powered by Develocity).

BUILD FAILED in 5s
4 actionable tasks: 1 executed, 3 up-to-date
Configuration cache entry stored.
